------------------------------------------------------------
Timing Analyzer Summary
------------------------------------------------------------

Type  : Slow 1100mV 85C Model Setup 'KEY[0]'
Slack : -7.299
TNS   : -1046.243

Type  : Slow 1100mV 85C Model Hold 'KEY[0]'
Slack : -3.810
TNS   : -309.436

Type  : Slow 1100mV 85C Model Minimum Pulse Width 'KEY[0]'
Slack : -0.394
TNS   : -106.342

Type  : Slow 1100mV 85C Model Minimum Pulse Width 'CLOCK_50'
Slack : -0.394
TNS   : -8.990

Type  : Slow 1100mV 0C Model Setup 'KEY[0]'
Slack : -7.023
TNS   : -1003.133

Type  : Slow 1100mV 0C Model Hold 'KEY[0]'
Slack : -3.563
TNS   : -292.876

Type  : Slow 1100mV 0C Model Minimum Pulse Width 'KEY[0]'
Slack : -0.394
TNS   : -100.392

Type  : Slow 1100mV 0C Model Minimum Pulse Width 'CLOCK_50'
Slack : -0.394
TNS   : -9.503

Type  : Fast 1100mV 85C Model Setup 'KEY[0]'
Slack : -4.400
TNS   : -627.926

Type  : Fast 1100mV 85C Model Hold 'KEY[0]'
Slack : -2.274
TNS   : -178.968

Type  : Fast 1100mV 85C Model Minimum Pulse Width 'KEY[0]'
Slack : -0.318
TNS   : -55.681

Type  : Fast 1100mV 85C Model Minimum Pulse Width 'CLOCK_50'
Slack : -0.094
TNS   : -1.563

Type  : Fast 1100mV 0C Model Setup 'KEY[0]'
Slack : -3.681
TNS   : -524.189

Type  : Fast 1100mV 0C Model Hold 'KEY[0]'
Slack : -2.221
TNS   : -191.899

Type  : Fast 1100mV 0C Model Minimum Pulse Width 'KEY[0]'
Slack : -0.316
TNS   : -54.631

Type  : Fast 1100mV 0C Model Minimum Pulse Width 'CLOCK_50'
Slack : -0.090
TNS   : -1.495

------------------------------------------------------------
